// Jest Snapshot v1, https://goo.gl/fbAQLP

exports[`Deve renderizar uma lista de links com a classe link 1`] = `
[
  <a
    class="cursor-pointer text-[#111111] no-underline hover:font-semibold hover:text-black"
    href="/"
  >
    Inicial
  </a>,
  <a
    class="cursor-pointer text-[#111111] no-underline hover:font-semibold hover:text-black"
    href="/"
  >
    Transferências
  </a>,
  <a
    class="cursor-pointer text-[#111111] no-underline hover:font-semibold hover:text-black"
    href="/"
  >
    Investimentos
  </a>,
  <a
    class="cursor-pointer text-[#111111] no-underline hover:font-semibold hover:text-black"
    href="/"
  >
    Outros serviços
  </a>,
]
`;
